// Jest Snapshot v1, https://goo.gl/fbAQLP

exports[`renders correctly 1`] = `
<View
  style={
    {
      "alignItems": "center",
      "backgroundColor": "#fff",
      "flex": 1,
      "justifyContent": "center",
    }
  }
>
  <Image
    source={1}
    style={
      {
        "height": "8rem",
        "width": "10rem",
      }
    }
  />
  <Text
    style={
      {
        "fontFamily": "Space Grotesk",
        "fontSize": "2rem",
        "fontWeight": "Bold",
      }
    }
  >
     Choose your interests 
  </Text>
  <Text
    style={
      {
        "fontFamily": "Space Grotesk",
        "fontSize": "1rem",
        "fontWeight": "Normal",
        "marginBottom": 40,
      }
    }
  >
     Personalize your feed 
  </Text>
  <View
    style={
      {
        "alignContent": "flex-start",
        "alignItems": "flex-start",
        "display": "flex",
        "flexDirection": "row",
        "flexWrap": "wrap",
        "gap": "0.9rem",
        "height": "50vh",
        "justifyContent": "center",
      }
    }
  >
    <View
      accessible={true}
      collapsable={false}
      focusable={false}
      onClick={[Function]}
      onResponderGrant={[Function]}
      onResponderMove={[Function]}
      onResponderRelease={[Function]}
      onResponderTerminate={[Function]}
      onResponderTerminationRequest={[Function]}
      onStartShouldSetResponder={[Function]}
      style={
        {
          "alignItems": "center",
          "backgroundColor": "#fff",
          "borderColor": "#FF826C",
          "borderRadius": 10,
          "borderWidth": 1.5,
          "justifyContent": "center",
          "opacity": 1,
        }
      }
    >
      <Text
        onPress={[Function]}
        style={
          {
            "color": "#FF826C",
            "fontFamily": "Space Grotesk",
            "fontSize": 21,
            "paddingBottom": 3,
            "paddingLeft": 5,
            "paddingRight": 5,
            "paddingTop": 3,
          }
        }
      >
        Memes
      </Text>
    </View>
    <View
      accessible={true}
      collapsable={false}
      focusable={false}
      onClick={[Function]}
      onResponderGrant={[Function]}
      onResponderMove={[Function]}
      onResponderRelease={[Function]}
      onResponderTerminate={[Function]}
      onResponderTerminationRequest={[Function]}
      onStartShouldSetResponder={[Function]}
      style={
        {
          "alignItems": "center",
          "backgroundColor": "#fff",
          "borderColor": "#FF826C",
          "borderRadius": 10,
          "borderWidth": 1.5,
          "justifyContent": "center",
          "opacity": 1,
        }
      }
    >
      <Text
        onPress={[Function]}
        style={
          {
            "color": "#FF826C",
            "fontFamily": "Space Grotesk",
            "fontSize": 21,
            "paddingBottom": 3,
            "paddingLeft": 5,
            "paddingRight": 5,
            "paddingTop": 3,
          }
        }
      >
        Comedia
      </Text>
    </View>
    <View
      accessible={true}
      collapsable={false}
      focusable={false}
      onClick={[Function]}
      onResponderGrant={[Function]}
      onResponderMove={[Function]}
      onResponderRelease={[Function]}
      onResponderTerminate={[Function]}
      onResponderTerminationRequest={[Function]}
      onStartShouldSetResponder={[Function]}
      style={
        {
          "alignItems": "center",
          "backgroundColor": "#fff",
          "borderColor": "#FF826C",
          "borderRadius": 10,
          "borderWidth": 1.5,
          "justifyContent": "center",
          "opacity": 1,
        }
      }
    >
      <Text
        onPress={[Function]}
        style={
          {
            "color": "#FF826C",
            "fontFamily": "Space Grotesk",
            "fontSize": 21,
            "paddingBottom": 3,
            "paddingLeft": 5,
            "paddingRight": 5,
            "paddingTop": 3,
          }
        }
      >
        Entretenimiento
      </Text>
    </View>
    <View
      accessible={true}
      collapsable={false}
      focusable={false}
      onClick={[Function]}
      onResponderGrant={[Function]}
      onResponderMove={[Function]}
      onResponderRelease={[Function]}
      onResponderTerminate={[Function]}
      onResponderTerminationRequest={[Function]}
      onStartShouldSetResponder={[Function]}
      style={
        {
          "alignItems": "center",
          "backgroundColor": "#fff",
          "borderColor": "#FF826C",
          "borderRadius": 10,
          "borderWidth": 1.5,
          "justifyContent": "center",
          "opacity": 1,
        }
      }
    >
      <Text
        onPress={[Function]}
        style={
          {
            "color": "#FF826C",
            "fontFamily": "Space Grotesk",
            "fontSize": 21,
            "paddingBottom": 3,
            "paddingLeft": 5,
            "paddingRight": 5,
            "paddingTop": 3,
          }
        }
      >
        Deportes
      </Text>
    </View>
    <View
      accessible={true}
      collapsable={false}
      focusable={false}
      onClick={[Function]}
      onResponderGrant={[Function]}
      onResponderMove={[Function]}
      onResponderRelease={[Function]}
      onResponderTerminate={[Function]}
      onResponderTerminationRequest={[Function]}
      onStartShouldSetResponder={[Function]}
      style={
        {
          "alignItems": "center",
          "backgroundColor": "#fff",
          "borderColor": "#FF826C",
          "borderRadius": 10,
          "borderWidth": 1.5,
          "justifyContent": "center",
          "opacity": 1,
        }
      }
    >
      <Text
        onPress={[Function]}
        style={
          {
            "color": "#FF826C",
            "fontFamily": "Space Grotesk",
            "fontSize": 21,
            "paddingBottom": 3,
            "paddingLeft": 5,
            "paddingRight": 5,
            "paddingTop": 3,
          }
        }
      >
        Videojuegos
      </Text>
    </View>
    <View
      accessible={true}
      collapsable={false}
      focusable={false}
      onClick={[Function]}
      onResponderGrant={[Function]}
      onResponderMove={[Function]}
      onResponderRelease={[Function]}
      onResponderTerminate={[Function]}
      onResponderTerminationRequest={[Function]}
      onStartShouldSetResponder={[Function]}
      style={
        {
          "alignItems": "center",
          "backgroundColor": "#fff",
          "borderColor": "#FF826C",
          "borderRadius": 10,
          "borderWidth": 1.5,
          "justifyContent": "center",
          "opacity": 1,
        }
      }
    >
      <Text
        onPress={[Function]}
        style={
          {
            "color": "#FF826C",
            "fontFamily": "Space Grotesk",
            "fontSize": 21,
            "paddingBottom": 3,
            "paddingLeft": 5,
            "paddingRight": 5,
            "paddingTop": 3,
          }
        }
      >
        Bares
      </Text>
    </View>
    <View
      accessible={true}
      collapsable={false}
      focusable={false}
      onClick={[Function]}
      onResponderGrant={[Function]}
      onResponderMove={[Function]}
      onResponderRelease={[Function]}
      onResponderTerminate={[Function]}
      onResponderTerminationRequest={[Function]}
      onStartShouldSetResponder={[Function]}
      style={
        {
          "alignItems": "center",
          "backgroundColor": "#fff",
          "borderColor": "#FF826C",
          "borderRadius": 10,
          "borderWidth": 1.5,
          "justifyContent": "center",
          "opacity": 1,
        }
      }
    >
      <Text
        onPress={[Function]}
        style={
          {
            "color": "#FF826C",
            "fontFamily": "Space Grotesk",
            "fontSize": 21,
            "paddingBottom": 3,
            "paddingLeft": 5,
            "paddingRight": 5,
            "paddingTop": 3,
          }
        }
      >
        Teatro
      </Text>
    </View>
    <View
      accessible={true}
      collapsable={false}
      focusable={false}
      onClick={[Function]}
      onResponderGrant={[Function]}
      onResponderMove={[Function]}
      onResponderRelease={[Function]}
      onResponderTerminate={[Function]}
      onResponderTerminationRequest={[Function]}
      onStartShouldSetResponder={[Function]}
      style={
        {
          "alignItems": "center",
          "backgroundColor": "#fff",
          "borderColor": "#FF826C",
          "borderRadius": 10,
          "borderWidth": 1.5,
          "justifyContent": "center",
          "opacity": 1,
        }
      }
    >
      <Text
        onPress={[Function]}
        style={
          {
            "color": "#FF826C",
            "fontFamily": "Space Grotesk",
            "fontSize": 21,
            "paddingBottom": 3,
            "paddingLeft": 5,
            "paddingRight": 5,
            "paddingTop": 3,
          }
        }
      >
        Karaoke
      </Text>
    </View>
    <View
      accessible={true}
      collapsable={false}
      focusable={false}
      onClick={[Function]}
      onResponderGrant={[Function]}
      onResponderMove={[Function]}
      onResponderRelease={[Function]}
      onResponderTerminate={[Function]}
      onResponderTerminationRequest={[Function]}
      onStartShouldSetResponder={[Function]}
      style={
        {
          "alignItems": "center",
          "backgroundColor": "#fff",
          "borderColor": "#FF826C",
          "borderRadius": 10,
          "borderWidth": 1.5,
          "justifyContent": "center",
          "opacity": 1,
        }
      }
    >
      <Text
        onPress={[Function]}
        style={
          {
            "color": "#FF826C",
            "fontFamily": "Space Grotesk",
            "fontSize": 21,
            "paddingBottom": 3,
            "paddingLeft": 5,
            "paddingRight": 5,
            "paddingTop": 3,
          }
        }
      >
        Juegos de Mesa
      </Text>
    </View>
    <View
      accessible={true}
      collapsable={false}
      focusable={false}
      onClick={[Function]}
      onResponderGrant={[Function]}
      onResponderMove={[Function]}
      onResponderRelease={[Function]}
      onResponderTerminate={[Function]}
      onResponderTerminationRequest={[Function]}
      onStartShouldSetResponder={[Function]}
      style={
        {
          "alignItems": "center",
          "backgroundColor": "#fff",
          "borderColor": "#FF826C",
          "borderRadius": 10,
          "borderWidth": 1.5,
          "justifyContent": "center",
          "opacity": 1,
        }
      }
    >
      <Text
        onPress={[Function]}
        style={
          {
            "color": "#FF826C",
            "fontFamily": "Space Grotesk",
            "fontSize": 21,
            "paddingBottom": 3,
            "paddingLeft": 5,
            "paddingRight": 5,
            "paddingTop": 3,
          }
        }
      >
        Baile
      </Text>
    </View>
    <View
      accessible={true}
      collapsable={false}
      focusable={false}
      onClick={[Function]}
      onResponderGrant={[Function]}
      onResponderMove={[Function]}
      onResponderRelease={[Function]}
      onResponderTerminate={[Function]}
      onResponderTerminationRequest={[Function]}
      onStartShouldSetResponder={[Function]}
      style={
        {
          "alignItems": "center",
          "backgroundColor": "#fff",
          "borderColor": "#FF826C",
          "borderRadius": 10,
          "borderWidth": 1.5,
          "justifyContent": "center",
          "opacity": 1,
        }
      }
    >
      <Text
        onPress={[Function]}
        style={
          {
            "color": "#FF826C",
            "fontFamily": "Space Grotesk",
            "fontSize": 21,
            "paddingBottom": 3,
            "paddingLeft": 5,
            "paddingRight": 5,
            "paddingTop": 3,
          }
        }
      >
        Estudio
      </Text>
    </View>
    <View
      accessible={true}
      collapsable={false}
      focusable={false}
      onClick={[Function]}
      onResponderGrant={[Function]}
      onResponderMove={[Function]}
      onResponderRelease={[Function]}
      onResponderTerminate={[Function]}
      onResponderTerminationRequest={[Function]}
      onStartShouldSetResponder={[Function]}
      style={
        {
          "alignItems": "center",
          "backgroundColor": "#fff",
          "borderColor": "#FF826C",
          "borderRadius": 10,
          "borderWidth": 1.5,
          "justifyContent": "center",
          "opacity": 1,
        }
      }
    >
      <Text
        onPress={[Function]}
        style={
          {
            "color": "#FF826C",
            "fontFamily": "Space Grotesk",
            "fontSize": 21,
            "paddingBottom": 3,
            "paddingLeft": 5,
            "paddingRight": 5,
            "paddingTop": 3,
          }
        }
      >
        Conciertos
      </Text>
    </View>
  </View>
  <View
    style={
      {
        "alignItems": "center",
        "justifyContent": "center",
        "width": "100%",
      }
    }
  >
    <View
      accessible={true}
      collapsable={false}
      focusable={true}
      onClick={[Function]}
      onResponderGrant={[Function]}
      onResponderMove={[Function]}
      onResponderRelease={[Function]}
      onResponderTerminate={[Function]}
      onResponderTerminationRequest={[Function]}
      onStartShouldSetResponder={[Function]}
      style={
        {
          "alignItems": "center",
          "backgroundColor": "#C15548",
          "borderWidth": 0,
          "height": "6vh",
          "justifyContent": "center",
          "margin": "0.4rem",
          "opacity": 1,
          "text": {
            "color": "white",
            "fontFamily": "Space Grotesk",
            "fontSize": 26,
          },
          "width": "90%",
        }
      }
    >
      <Text
        style={
          {
            "color": "white",
            "fontFamily": "Space Grotesk",
            "fontSize": 26,
          }
        }
      >
        Skip
      </Text>
    </View>
    <View
      accessible={true}
      collapsable={false}
      focusable={true}
      onClick={[Function]}
      onResponderGrant={[Function]}
      onResponderMove={[Function]}
      onResponderRelease={[Function]}
      onResponderTerminate={[Function]}
      onResponderTerminationRequest={[Function]}
      onStartShouldSetResponder={[Function]}
      style={
        {
          "alignItems": "center",
          "backgroundColor": "white",
          "borderColor": "#C15548",
          "borderWidth": 2.7,
          "height": "6vh",
          "justifyContent": "center",
          "margin": "0.4rem",
          "opacity": 1,
          "text": {
            "color": "#C15548",
            "fontFamily": "Space Grotesk",
            "fontSize": 26,
          },
          "width": "90%",
        }
      }
    >
      <Text
        style={
          {
            "color": "#C15548",
            "fontFamily": "Space Grotesk",
            "fontSize": 26,
          }
        }
      >
        Next
      </Text>
    </View>
  </View>
</View>
`;
